c:\st\stm32cubeide_1.11.2\stm32cubeide\plugins\com.st.stm32cube.ide.mcu.externaltools.gnu-tools-for-stm32.10.3-2021.10.win32_1.0.100.202210260954\tools\arm-none-eabi\include\c++\10.3.1\bits\std_abs.h:75:3:constexpr float std::abs(float)	16	static
../Core/Src/RunningStateController.cpp:23:7:float RunningStateController::linear_function(float, int16_t, int16_t, float)	24	static
../Core/Src/RunningStateController.cpp:28:1:RunningStateController::RunningStateController(DriveMotor*, FanMotor*, LineFollowing*, FollowingSensor*, SideSensor*, SideSensor*, VelocityControl*, Encoder*, IMU*, WheelDial*, sdCard*)	40	static
../Core/Src/RunningStateController.cpp:65:6:void RunningStateController::timerCountUp()	16	static
../Core/Src/RunningStateController.cpp:71:6:bool RunningStateController::isCrossLine()	24	static
../Core/Src/RunningStateController.cpp:97:6:bool RunningStateController::isContinuousCurvature()	32	static
../Core/Src/RunningStateController.cpp:123:6:void RunningStateController::setRunMode(uint16_t)	16	static
../Core/Src/RunningStateController.cpp:128:6:bool RunningStateController::isTargetDistance(float)	24	static
../Core/Src/RunningStateController.cpp:137:6:void RunningStateController::loop()	24	static
../Core/Src/RunningStateController.cpp:245:6:void RunningStateController::flip()	24	static
../Core/Src/RunningStateController.cpp:334:6:void RunningStateController::flip10ms()	24	static
../Core/Src/RunningStateController.cpp:342:6:void RunningStateController::init()	16	static
../Core/Src/RunningStateController.cpp:368:6:void RunningStateController::storeLog()	24	static
../Core/Src/RunningStateController.cpp:393:6:void RunningStateController::startLogging()	16	static
../Core/Src/RunningStateController.cpp:430:6:void RunningStateController::stopLogging()	16	static
../Core/Src/RunningStateController.cpp:451:6:void RunningStateController::saveLog()	16	static
../Core/Src/RunningStateController.cpp:500:6:void RunningStateController::startVelocityUpdate()	16	static
../Core/Src/RunningStateController.cpp:511:6:void RunningStateController::stopVelocityUpdate()	16	static
../Core/Src/RunningStateController.cpp:516:6:void RunningStateController::createVelocityTable()	72	static
../Core/Src/RunningStateController.cpp:563:7:float RunningStateController::radius2Velocity(float)	96	static
../Core/Src/RunningStateController.cpp:638:6:void RunningStateController::decelerateProcessing(float, const float*)	48	static
../Core/Src/RunningStateController.cpp:653:6:void RunningStateController::accelerateProcessing(float, const float*)	48	static
../Core/Src/RunningStateController.cpp:668:6:void RunningStateController::addDecelerationDistanceMergin(float*, int16_t)	40	static
../Core/Src/RunningStateController.cpp:691:6:void RunningStateController::addAccelerationDistanceMergin(float*, int16_t)	40	static
../Core/Src/RunningStateController.cpp:714:6:void RunningStateController::shiftVelocityTable(float*, int16_t)	32	static
../Core/Src/RunningStateController.cpp:727:6:void RunningStateController::updateTargetVelocity()	24	static
../Core/Src/RunningStateController.cpp:763:6:void RunningStateController::correctionTotalDistanceFromCrossLine()	32	static
../Core/Src/RunningStateController.cpp:783:6:void RunningStateController::correctionTotalDistanceFromSideLine()	32	static
../Core/Src/RunningStateController.cpp:804:6:void RunningStateController::setMaxVelocity(float)	16	static
../Core/Src/RunningStateController.cpp:809:6:void RunningStateController::setMinVelocity(float)	16	static
../Core/Src/RunningStateController.cpp:813:6:void RunningStateController::setAccDec(float, float)	24	static
../Core/Src/RunningStateController.cpp:819:6:void RunningStateController::setStraightRadius(float)	16	static
../Core/Src/RunningStateController.cpp:824:6:void RunningStateController::loadSearchinRunLog()	16	static
