../Drivers/CMSIS/Include/core_cm4.h:2064:26:ITM_SendChar	16	static,ignoring_inline_asm
../Core/Src/main.c:96:5:_write	32	static
../Core/Src/main.c:107:6:HAL_GPIO_EXTI_Callback	16	static
../Core/Src/main.c:113:6:HAL_TIM_PeriodElapsedCallback	16	static
../Core/Src/main.c:144:5:main	8	static
../Core/Src/main.c:208:6:SystemClock_Config	88	static
../Core/Src/main.c:262:13:MX_ADC1_Init	24	static
../Core/Src/main.c:422:13:MX_SDIO_SD_Init	4	static
../Core/Src/main.c:450:13:MX_SPI2_Init	8	static
../Core/Src/main.c:488:13:MX_SPI3_Init	8	static
../Core/Src/main.c:526:13:MX_TIM1_Init	80	static
../Core/Src/main.c:603:13:MX_TIM2_Init	48	static
../Core/Src/main.c:656:13:MX_TIM3_Init	48	static
../Core/Src/main.c:709:13:MX_TIM4_Init	56	static
../Core/Src/main.c:758:13:MX_TIM6_Init	16	static
../Core/Src/main.c:796:13:MX_TIM7_Init	16	static
../Core/Src/main.c:834:13:MX_TIM8_Init	56	static
../Core/Src/main.c:884:13:MX_TIM10_Init	8	static
../Core/Src/main.c:913:13:MX_DMA_Init	16	static
../Core/Src/main.c:937:13:MX_GPIO_Init	48	static
../Core/Src/main.c:1023:6:Error_Handler	4	static,ignoring_inline_asm
