c:\st\stm32cubeide_1.11.2\stm32cubeide\plugins\com.st.stm32cube.ide.mcu.externaltools.gnu-tools-for-stm32.10.3-2021.10.win32_1.0.100.202210260954\tools\bin\../lib/gcc/arm-none-eabi/10.3.1/../../../../arm-none-eabi/include/c++/10.3.1/arm-none-eabi/thumb/v7e-m+fp/hard/bits/gthr-default.h:229:1:int __gthread_key_delete(__gthread_key_t)	16	static
../Core/Src/sdCard.cpp:14:6:void sdCard::openFile(const char*, const char*)	24	static
../Core/Src/sdCard.cpp:27:6:void sdCard::clearBuff()	24	static
../Core/Src/sdCard.cpp:34:1:sdCard::sdCard()	16	static
../Core/Src/sdCard.cpp:36:6:bool sdCard::init()	16	static
../Core/Src/sdCard.cpp:49:6:bool sdCard::mount()	24	static
../Core/Src/sdCard.cpp:59:6:bool sdCard::unmout()	24	static
../Core/Src/sdCard.cpp:69:6:void sdCard::userFopen(const char*, const char*)	24	static
../Core/Src/sdCard.cpp:73:6:void sdCard::userFclose()	16	static
../Core/Src/sdCard.cpp:77:6:void sdCard::write(const char*, const char*, uint16_t, float*)	128	static
../Core/Src/sdCard.cpp:152:6:void sdCard::read(const char*, const char*, uint16_t, float*)	32	static
../Core/Src/sdCard.cpp:169:1:void __static_initialization_and_destruction_0(int, int)	16	static
../Core/Src/sdCard.cpp:169:1:cpp)	8	static
../Core/Src/sdCard.cpp:169:1:cpp)	8	static
